../usr/board_gpio/board.c:136:6:boardPreInit	8	static
../usr/board_gpio/board.c:141:6:boardInit	64	static
../usr/board_gpio/board.c:181:13:sayHello	16	static
../usr/board_gpio/board.c:190:6:flshTestRead	288	static
../usr/board_gpio/board.c:204:6:printS	24	static
../usr/board_gpio/board.c:208:6:print	528	static
../usr/board_gpio/board.c:220:6:printS485	24	static
../usr/board_gpio/board.c:224:6:print485	528	static
../usr/board_gpio/board.c:236:4:ioWrite	24	static
../usr/board_gpio/board.c:241:4:ioRead	24	static
../usr/board_gpio/board.c:246:4:ioReadReg	16	static
../usr/board_gpio/board.c:250:4:ioWriteReg	16	static
../usr/board_gpio/board.c:254:11:configWrite	32	static
../usr/board_gpio/board.c:268:11:configRead	32	static
../usr/board_gpio/board.c:293:6:printHelp	48	static
../usr/board_gpio/board.c:302:4:brdCmd	304	static
../usr/board_gpio/board.c:408:11:rs485BeforeSend_1	8	static
../usr/board_gpio/board.c:422:11:rs485AfterSend_1	16	static
../usr/board_gpio/board.c:430:13:inputFallingCB	16	static
../usr/board_gpio/board.c:434:13:inputRaisingCB	16	static
../usr/board_gpio/board.c:447:6:HAL_UART_TxCpltCallback	16	static
../usr/board_gpio/board.c:455:6:HAL_UART_RxCpltCallback	16	static
../usr/board_gpio/board.c:458:6:HAL_GPIO_EXTI_Falling_Callback	16	static
