../usr/xMisc/gpioDecal.c:19:6:as_OUTPUT_PP_NOPULL_LOW	48	static
../usr/xMisc/gpioDecal.c:34:6:as_OUTPUT_PP_NOPULL_HIGH	48	static
../usr/xMisc/gpioDecal.c:49:6:as_OUTPUT_PP_PULLUP_LOW	48	static
../usr/xMisc/gpioDecal.c:64:6:as_OUTPUT_PP_PULLUP_HIGH	48	static
../usr/xMisc/gpioDecal.c:79:6:as_OUTPUT_PP_PULLDWN_LOW	48	static
../usr/xMisc/gpioDecal.c:94:6:as_OUTPUT_PP_PULLDWN_HIGH	48	static
../usr/xMisc/gpioDecal.c:109:6:as_OUTPUT_OD_NOPULL_LOW	48	static
../usr/xMisc/gpioDecal.c:124:6:as_OUTPUT_OD_NOPULL_HIGH	48	static
../usr/xMisc/gpioDecal.c:139:6:as_OUTPUT_OD_PULLUP_LOW	48	static
../usr/xMisc/gpioDecal.c:154:6:as_OUTPUT_OD_PULLUP_HIGH	48	static
../usr/xMisc/gpioDecal.c:169:6:as_INPUT_NOPULL	40	static
../usr/xMisc/gpioDecal.c:182:6:as_INPUT_PULLUP	40	static
../usr/xMisc/gpioDecal.c:196:6:as_INPUT_PULLDWN	40	static
../usr/xMisc/gpioDecal.c:206:6:writePin	16	static
../usr/xMisc/gpioDecal.c:209:6:togglePin	16	static
../usr/xMisc/gpioDecal.c:212:15:readPin	16	static
../usr/xMisc/gpioDecal.c:215:6:writePinX	8	static
../usr/xMisc/gpioDecal.c:217:6:togglePinX	0	static
../usr/xMisc/gpioDecal.c:219:5:readPinX	0	static
