F:/project/ESL/ESL22-FU001-V01_GPIO1608/FW/FWFU_001-V01/usr/xRingBuffer/ring_buffer.h:83:20:RingBuffer_Flush	16	static
F:/project/ESL/ESL22-FU001-V01_GPIO1608/FW/FWFU_001-V01/usr/xRingBuffer/ring_buffer.h:103:19:RingBuffer_GetCount	16	static
F:/project/ESL/ESL22-FU001-V01_GPIO1608/FW/FWFU_001-V01/usr/xRingBuffer/ring_buffer.h:113:19:RingBuffer_GetFree	24	static
F:/project/ESL/ESL22-FU001-V01_GPIO1608/FW/FWFU_001-V01/usr/xRingBuffer/ring_buffer.h:133:19:RingBuffer_IsEmpty	16	static
../usr/xUartDev/uartDev.c:50:6:setupUartDev	32	static
../usr/xUartDev/uartDev.c:98:13:uartStartRecv	16	static
../usr/xUartDev/uartDev.c:108:11:uartTestRestartRecv	16	static
../usr/xUartDev/uartDev.c:118:12:uartTxPolling	24	static
../usr/xUartDev/uartDev.c:133:12:uartSend	40	static
../usr/xUartDev/uartDev.c:181:12:uartTxSendFrame	40	static
../usr/xUartDev/uartDev.c:203:11:uartRxMonitor	40	static
../usr/xUartDev/uartDev.c:234:5:fetchLineFromRingBuffer	56	static
../usr/xUartDev/uartDev.c:280:12:uartRxFetchLine	24	static
../usr/xUartDev/uartDev.c:284:12:uartRxFetchFrame	72	static
../usr/xUartDev/uartDev.c:351:12:TjcSendCmd	132	static
